Archive member included because of file (symbol)

f:/winavr-20100110/bin/../lib/gcc/avr/4.3.3/avr51\libgcc.a(_exit.o)
                              f:/winavr-20100110/bin/../lib/gcc/avr/4.3.3/../../../../avr/lib/avr51/crtusb1287.o (exit)
f:/winavr-20100110/bin/../lib/gcc/avr/4.3.3/avr51\libgcc.a(_clear_bss.o)
                              main.o (__do_clear_bss)
f:/winavr-20100110/bin/../lib/gcc/avr/4.3.3/../../../../avr/lib/avr51\libc.a(malloc.o)
                              LinkedQueue.o (malloc)

Allocating common symbols
Common symbol       size              file

__brkval            0x2               f:/winavr-20100110/bin/../lib/gcc/avr/4.3.3/../../../../avr/lib/avr51\libc.a(malloc.o)
STATE               0x1               main.o
__flp               0x2               f:/winavr-20100110/bin/../lib/gcc/avr/4.3.3/../../../../avr/lib/avr51\libc.a(malloc.o)

Memory Configuration

Name             Origin             Length             Attributes
text             0x00000000         0x00020000         xr
data             0x00800060         0x0000ffa0         rw !x
eeprom           0x00810000         0x00010000         rw !x
fuse             0x00820000         0x00000400         rw !x
lock             0x00830000         0x00000400         rw !x
signature        0x00840000         0x00000400         rw !x
*default*        0x00000000         0xffffffff

Linker script and memory map

Address of section .data set to 0x800100
LOAD f:/winavr-20100110/bin/../lib/gcc/avr/4.3.3/../../../../avr/lib/avr51/crtusb1287.o
LOAD main.o
LOAD LinkedQueue.o
LOAD mTimer.o
LOAD init.o
LOAD motors.o
LOAD f:/winavr-20100110/bin/../lib/gcc/avr/4.3.3/avr51\libgcc.a
LOAD f:/winavr-20100110/bin/../lib/gcc/avr/4.3.3/../../../../avr/lib/avr51\libc.a
LOAD f:/winavr-20100110/bin/../lib/gcc/avr/4.3.3/avr51\libgcc.a

.hash
 *(.hash)

.dynsym
 *(.dynsym)

.dynstr
 *(.dynstr)

.gnu.version
 *(.gnu.version)

.gnu.version_d
 *(.gnu.version_d)

.gnu.version_r
 *(.gnu.version_r)

.rel.init
 *(.rel.init)

.rela.init
 *(.rela.init)

.rel.text
 *(.rel.text)
 *(.rel.text.*)
 *(.rel.gnu.linkonce.t*)

.rela.text
 *(.rela.text)
 *(.rela.text.*)
 *(.rela.gnu.linkonce.t*)

.rel.fini
 *(.rel.fini)

.rela.fini
 *(.rela.fini)

.rel.rodata
 *(.rel.rodata)
 *(.rel.rodata.*)
 *(.rel.gnu.linkonce.r*)

.rela.rodata
 *(.rela.rodata)
 *(.rela.rodata.*)
 *(.rela.gnu.linkonce.r*)

.rel.data
 *(.rel.data)
 *(.rel.data.*)
 *(.rel.gnu.linkonce.d*)

.rela.data
 *(.rela.data)
 *(.rela.data.*)
 *(.rela.gnu.linkonce.d*)

.rel.ctors
 *(.rel.ctors)

.rela.ctors
 *(.rela.ctors)

.rel.dtors
 *(.rel.dtors)

.rela.dtors
 *(.rela.dtors)

.rel.got
 *(.rel.got)

.rela.got
 *(.rela.got)

.rel.bss
 *(.rel.bss)

.rela.bss
 *(.rela.bss)

.rel.plt
 *(.rel.plt)

.rela.plt
 *(.rela.plt)

.text           0x00000000      0x632
 *(.vectors)
 .vectors       0x00000000       0x98 f:/winavr-20100110/bin/../lib/gcc/avr/4.3.3/../../../../avr/lib/avr51/crtusb1287.o
                0x00000000                __vectors
 *(.vectors)
 *(.progmem.gcc*)
 *(.progmem*)
                0x00000098                . = ALIGN (0x2)
                0x00000098                __trampolines_start = .
 *(.trampolines)
 .trampolines   0x00000098        0x0 linker stubs
 *(.trampolines*)
                0x00000098                __trampolines_end = .
 *(.jumptables)
 *(.jumptables*)
 *(.lowtext)
 *(.lowtext*)
                0x00000098                __ctors_start = .
 *(.ctors)
                0x00000098                __ctors_end = .
                0x00000098                __dtors_start = .
 *(.dtors)
                0x00000098                __dtors_end = .
 SORT(*)(.ctors)
 SORT(*)(.dtors)
 *(.init0)
 .init0         0x00000098        0x0 f:/winavr-20100110/bin/../lib/gcc/avr/4.3.3/../../../../avr/lib/avr51/crtusb1287.o
                0x00000098                __init
 *(.init0)
 *(.init1)
 *(.init1)
 *(.init2)
 .init2         0x00000098        0xc f:/winavr-20100110/bin/../lib/gcc/avr/4.3.3/../../../../avr/lib/avr51/crtusb1287.o
 *(.init2)
 *(.init3)
 *(.init3)
 *(.init4)
 .init4         0x000000a4       0x1a f:/winavr-20100110/bin/../lib/gcc/avr/4.3.3/../../../../avr/lib/avr51/crtusb1287.o
                0x000000a4                __do_copy_data
 .init4         0x000000be       0x10 f:/winavr-20100110/bin/../lib/gcc/avr/4.3.3/avr51\libgcc.a(_clear_bss.o)
                0x000000be                __do_clear_bss
 *(.init4)
 *(.init5)
 *(.init5)
 *(.init6)
 *(.init6)
 *(.init7)
 *(.init7)
 *(.init8)
 *(.init8)
 *(.init9)
 .init9         0x000000ce        0x8 f:/winavr-20100110/bin/../lib/gcc/avr/4.3.3/../../../../avr/lib/avr51/crtusb1287.o
 *(.init9)
 *(.text)
 .text          0x000000d6        0x4 f:/winavr-20100110/bin/../lib/gcc/avr/4.3.3/../../../../avr/lib/avr51/crtusb1287.o
                0x000000d6                __vector_22
                0x000000d6                __vector_28
                0x000000d6                __vector_32
                0x000000d6                __vector_34
                0x000000d6                __vector_24
                0x000000d6                __vector_12
                0x000000d6                __bad_interrupt
                0x000000d6                __vector_6
                0x000000d6                __vector_31
                0x000000d6                __vector_35
                0x000000d6                __vector_3
                0x000000d6                __vector_23
                0x000000d6                __vector_30
                0x000000d6                __vector_25
                0x000000d6                __vector_11
                0x000000d6                __vector_13
                0x000000d6                __vector_17
                0x000000d6                __vector_19
                0x000000d6                __vector_7
                0x000000d6                __vector_27
                0x000000d6                __vector_5
                0x000000d6                __vector_33
                0x000000d6                __vector_37
                0x000000d6                __vector_9
                0x000000d6                __vector_2
                0x000000d6                __vector_21
                0x000000d6                __vector_15
                0x000000d6                __vector_36
                0x000000d6                __vector_29
                0x000000d6                __vector_8
                0x000000d6                __vector_26
                0x000000d6                __vector_14
                0x000000d6                __vector_10
                0x000000d6                __vector_16
                0x000000d6                __vector_18
                0x000000d6                __vector_20
 .text          0x000000da       0x68 main.o
                0x000000da                __vector_1
                0x00000116                __vector_default
                0x0000012a                main
                0x000000f8                __vector_4
 .text          0x00000142      0x23c LinkedQueue.o
                0x000001e4                clearQueue
                0x000001a4                firstValue
                0x00000218                initLink
                0x00000238                test
                0x000001c4                size
                0x00000142                setup
                0x00000150                enqueue
                0x00000182                dequeue
                0x000001b2                isEmpty
 .text          0x0000037e       0x38 mTimer.o
                0x0000037e                mTimer
 .text          0x000003b6       0x64 init.o
                0x000003d0                initADC
                0x000003b6                initPWM
                0x000003ec                initInterrupts
 .text          0x0000041a        0xa motors.o
                0x00000420                stopDCMotor
                0x0000041a                startDCMotor
 .text          0x00000424        0x0 f:/winavr-20100110/bin/../lib/gcc/avr/4.3.3/avr51\libgcc.a(_exit.o)
 .text          0x00000424        0x0 f:/winavr-20100110/bin/../lib/gcc/avr/4.3.3/avr51\libgcc.a(_clear_bss.o)
 .text          0x00000424        0x0 f:/winavr-20100110/bin/../lib/gcc/avr/4.3.3/../../../../avr/lib/avr51\libc.a(malloc.o)
                0x00000424                . = ALIGN (0x2)
 *(.text.*)
 .text.libgcc   0x00000424        0x0 f:/winavr-20100110/bin/../lib/gcc/avr/4.3.3/avr51\libgcc.a(_exit.o)
 .text.libgcc   0x00000424        0x0 f:/winavr-20100110/bin/../lib/gcc/avr/4.3.3/avr51\libgcc.a(_clear_bss.o)
 .text.avr-libc
                0x00000424      0x20a f:/winavr-20100110/bin/../lib/gcc/avr/4.3.3/../../../../avr/lib/avr51\libc.a(malloc.o)
                0x00000424                malloc
                0x0000057e                free
                0x0000062e                . = ALIGN (0x2)
 *(.fini9)
 .fini9         0x0000062e        0x0 f:/winavr-20100110/bin/../lib/gcc/avr/4.3.3/avr51\libgcc.a(_exit.o)
                0x0000062e                exit
                0x0000062e                _exit
 *(.fini9)
 *(.fini8)
 *(.fini8)
 *(.fini7)
 *(.fini7)
 *(.fini6)
 *(.fini6)
 *(.fini5)
 *(.fini5)
 *(.fini4)
 *(.fini4)
 *(.fini3)
 *(.fini3)
 *(.fini2)
 *(.fini2)
 *(.fini1)
 *(.fini1)
 *(.fini0)
 .fini0         0x0000062e        0x4 f:/winavr-20100110/bin/../lib/gcc/avr/4.3.3/avr51\libgcc.a(_exit.o)
 *(.fini0)
                0x00000632                _etext = .

.data           0x00800100        0x6 load address 0x00000632
                0x00800100                PROVIDE (__data_start, .)
 *(.data)
 .data          0x00800100        0x0 f:/winavr-20100110/bin/../lib/gcc/avr/4.3.3/../../../../avr/lib/avr51/crtusb1287.o
 .data          0x00800100        0x0 main.o
 .data          0x00800100        0x0 LinkedQueue.o
 .data          0x00800100        0x0 mTimer.o
 .data          0x00800100        0x0 init.o
 .data          0x00800100        0x0 motors.o
 .data          0x00800100        0x0 f:/winavr-20100110/bin/../lib/gcc/avr/4.3.3/avr51\libgcc.a(_exit.o)
 .data          0x00800100        0x0 f:/winavr-20100110/bin/../lib/gcc/avr/4.3.3/avr51\libgcc.a(_clear_bss.o)
 .data          0x00800100        0x6 f:/winavr-20100110/bin/../lib/gcc/avr/4.3.3/../../../../avr/lib/avr51\libc.a(malloc.o)
                0x00800102                __malloc_heap_start
                0x00800104                __malloc_heap_end
                0x00800100                __malloc_margin
 *(.data*)
 *(.rodata)
 *(.rodata*)
 *(.gnu.linkonce.d*)
                0x00800106                . = ALIGN (0x2)
                0x00800106                _edata = .
                0x00800106                PROVIDE (__data_end, .)

.bss            0x00800106        0x5
                0x00800106                PROVIDE (__bss_start, .)
 *(.bss)
 .bss           0x00800106        0x0 f:/winavr-20100110/bin/../lib/gcc/avr/4.3.3/../../../../avr/lib/avr51/crtusb1287.o
 .bss           0x00800106        0x0 main.o
 .bss           0x00800106        0x0 LinkedQueue.o
 .bss           0x00800106        0x0 mTimer.o
 .bss           0x00800106        0x0 init.o
 .bss           0x00800106        0x0 motors.o
 .bss           0x00800106        0x0 f:/winavr-20100110/bin/../lib/gcc/avr/4.3.3/avr51\libgcc.a(_exit.o)
 .bss           0x00800106        0x0 f:/winavr-20100110/bin/../lib/gcc/avr/4.3.3/avr51\libgcc.a(_clear_bss.o)
 .bss           0x00800106        0x0 f:/winavr-20100110/bin/../lib/gcc/avr/4.3.3/../../../../avr/lib/avr51\libc.a(malloc.o)
 *(.bss*)
 *(COMMON)
 COMMON         0x00800106        0x1 main.o
                0x00800106                STATE
 COMMON         0x00800107        0x4 f:/winavr-20100110/bin/../lib/gcc/avr/4.3.3/../../../../avr/lib/avr51\libc.a(malloc.o)
                0x00800107                __brkval
                0x00800109                __flp
                0x0080010b                PROVIDE (__bss_end, .)
                0x00000632                __data_load_start = LOADADDR (.data)
                0x00000638                __data_load_end = (__data_load_start + SIZEOF (.data))

.noinit         0x0080010b        0x0
                0x0080010b                PROVIDE (__noinit_start, .)
 *(.noinit*)
                0x0080010b                PROVIDE (__noinit_end, .)
                0x0080010b                _end = .
                0x0080010b                PROVIDE (__heap_start, .)

.eeprom         0x00810000        0x0
 *(.eeprom*)
                0x00810000                __eeprom_end = .

.fuse
 *(.fuse)
 *(.lfuse)
 *(.hfuse)
 *(.efuse)

.lock
 *(.lock*)

.signature
 *(.signature*)

.stab
 *(.stab)

.stabstr
 *(.stabstr)

.stab.excl
 *(.stab.excl)

.stab.exclstr
 *(.stab.exclstr)

.stab.index
 *(.stab.index)

.stab.indexstr
 *(.stab.indexstr)

.comment
 *(.comment)

.debug
 *(.debug)

.line
 *(.line)

.debug_srcinfo
 *(.debug_srcinfo)

.debug_sfnames
 *(.debug_sfnames)

.debug_aranges  0x00000000       0xa0
 *(.debug_aranges)
 .debug_aranges
                0x00000000       0x20 main.o
 .debug_aranges
                0x00000020       0x20 LinkedQueue.o
 .debug_aranges
                0x00000040       0x20 mTimer.o
 .debug_aranges
                0x00000060       0x20 init.o
 .debug_aranges
                0x00000080       0x20 motors.o

.debug_pubnames
                0x00000000      0x162
 *(.debug_pubnames)
 .debug_pubnames
                0x00000000       0x58 main.o
 .debug_pubnames
                0x00000058       0x7d LinkedQueue.o
 .debug_pubnames
                0x000000d5       0x1d mTimer.o
 .debug_pubnames
                0x000000f2       0x3d init.o
 .debug_pubnames
                0x0000012f       0x33 motors.o

.debug_info     0x00000000      0x724
 *(.debug_info)
 .debug_info    0x00000000       0xf7 main.o
 .debug_info    0x000000f7      0x480 LinkedQueue.o
 .debug_info    0x00000577       0x92 mTimer.o
 .debug_info    0x00000609       0x97 init.o
 .debug_info    0x000006a0       0x84 motors.o
 *(.gnu.linkonce.wi.*)

.debug_abbrev   0x00000000      0x2f1
 *(.debug_abbrev)
 .debug_abbrev  0x00000000       0x84 main.o
 .debug_abbrev  0x00000084      0x196 LinkedQueue.o
 .debug_abbrev  0x0000021a       0x5d mTimer.o
 .debug_abbrev  0x00000277       0x3d init.o
 .debug_abbrev  0x000002b4       0x3d motors.o

.debug_line     0x00000000      0x630
 *(.debug_line)
 .debug_line    0x00000000       0xd8 main.o
 .debug_line    0x000000d8      0x333 LinkedQueue.o
 .debug_line    0x0000040b       0x9d mTimer.o
 .debug_line    0x000004a8      0x10b init.o
 .debug_line    0x000005b3       0x7d motors.o

.debug_frame    0x00000000      0x180
 *(.debug_frame)
 .debug_frame   0x00000000       0x50 main.o
 .debug_frame   0x00000050       0xa0 LinkedQueue.o
 .debug_frame   0x000000f0       0x20 mTimer.o
 .debug_frame   0x00000110       0x40 init.o
 .debug_frame   0x00000150       0x30 motors.o

.debug_str      0x00000000      0x1fe
 *(.debug_str)
 .debug_str     0x00000000       0xe0 main.o
                                0x119 (size before relaxing)
 .debug_str     0x000000e0       0xb7 LinkedQueue.o
                                0x159 (size before relaxing)
 .debug_str     0x00000197       0x19 mTimer.o
                                 0xb6 (size before relaxing)
 .debug_str     0x000001b0       0x29 init.o
                                 0xc6 (size before relaxing)
 .debug_str     0x000001d9       0x25 motors.o
                                 0xc2 (size before relaxing)

.debug_loc      0x00000000      0x270
 *(.debug_loc)
 .debug_loc     0x00000000      0x248 LinkedQueue.o
 .debug_loc     0x00000248       0x28 mTimer.o

.debug_macinfo
 *(.debug_macinfo)
OUTPUT(project.elf elf32-avr)
LOAD linker stubs
